python : Creating test database for alias 'default'...
At line:1 char:61
+ ... mo-manzi' ; python manage.py test manzi.tests_authorization.RoleCheck ...
+                 ~~~~~~~~~~~~~~~~~~~~~~~~~~~~~~~~~~~~~~~~~~~~~~~~~~~~~~~~~
    + CategoryInfo          : NotSpecified: (Creating test d...as 'default'... 
   :String) [], RemoteException
    + FullyQualifiedErrorId : NativeCommandError
 

